﻿
> pi-store-webapp@2.0.0 build
> vite build

[36mvite v8.0.8 [32mbuilding client environment for production...[36m[39m
[2K
transforming...Γ£ô 1871 modules transformed.
node.exe : [31mΓ£ù[39m Build failed in 1.01s
At C:\nvm4w\nodejs\npm.ps1:29 char:3
+   & $NODE_EXE $NPM_CLI_JS $args
+   ~~~~~~~~~~~~~~~~~~~~~~~~~~~~~
    + CategoryInfo          : NotSpecified: ([31mΓ£ù[39m Build failed in 1.01s:String) [], RemoteException
    + FullyQualifiedErrorId : NativeCommandError
 
[31merror during build:
[31mBuild failed with 5 errors:

[plugin @tailwindcss/vite:generate:build] C:/Users/Administrator/Local 
Sites/saigonhouse/app/public/wp-content/pi-store-webapp/src/pages/auth/AuthForm.css
Error: Cannot apply unknown utility class `text-primary-content`
    at onInvalidCandidate (file:///C:/Users/Administrator/Local%20Sites/saigonhouse/app/public/wp-content/pi-store-weba
pp/node_modules/tailwindcss/dist/chunk-3IR7ZFJX.mjs:21:1511)
    at Ve (file:///C:/Users/Administrator/Local%20Sites/saigonhouse/app/public/wp-content/pi-store-webapp/node_modules/
tailwindcss/dist/chunk-3IR7ZFJX.mjs:16:38252)
    at file:///C:/Users/Administrator/Local%20Sites/saigonhouse/app/public/wp-content/pi-store-webapp/node_modules/tail
windcss/dist/chunk-3IR7ZFJX.mjs:21:355
    at Vr (file:///C:/Users/Administrator/Local%20Sites/saigonhouse/app/public/wp-content/pi-store-webapp/node_modules/
tailwindcss/dist/chunk-3IR7ZFJX.mjs:3:1733)
    at _ (file:///C:/Users/Administrator/Local%20Sites/saigonhouse/app/public/wp-content/pi-store-webapp/node_modules/t
ailwindcss/dist/chunk-3IR7ZFJX.mjs:3:1377)
    at Se (file:///C:/Users/Administrator/Local%20Sites/saigonhouse/app/public/wp-content/pi-store-webapp/node_modules/
tailwindcss/dist/chunk-3IR7ZFJX.mjs:21:172)
    at Qi (file:///C:/Users/Administrator/Local%20Sites/saigonhouse/app/public/wp-content/pi-store-webapp/node_modules/
tailwindcss/dist/chunk-3IR7ZFJX.mjs:38:294)
    at async va (file:///C:/Users/Administrator/Local%20Sites/saigonhouse/app/public/wp-content/pi-store-webapp/node_mo
dules/tailwindcss/dist/chunk-3IR7ZFJX.mjs:38:631)
    at async Rf (file:///C:/Users/Administrator/Local%20Sites/saigonhouse/app/public/wp-content/pi-store-webapp/node_mo
dules/tailwindcss/dist/chunk-3IR7ZFJX.mjs:38:1406)
    at async hu (file:///C:/Users/Administrator/Local%20Sites/saigonhouse/app/public/wp-content/pi-store-webapp/node_mo
dules/@tailwindcss/node/dist/index.mjs:10:3457)
[plugin @tailwindcss/vite:generate:build] C:/Users/Administrator/Local 
Sites/saigonhouse/app/public/wp-content/pi-store-webapp/src/pages/finance/AdminRevenuePage.css
Error: Cannot apply unknown utility class `text-primary-content`
    at onInvalidCandidate (file:///C:/Users/Administrator/Local%20Sites/saigonhouse/app/public/wp-content/pi-store-weba
pp/node_modules/tailwindcss/dist/chunk-3IR7ZFJX.mjs:21:1511)
    at Ve (file:///C:/Users/Administrator/Local%20Sites/saigonhouse/app/public/wp-content/pi-store-webapp/node_modules/
tailwindcss/dist/chunk-3IR7ZFJX.mjs:16:38252)
    at file:///C:/Users/Administrator/Local%20Sites/saigonhouse/app/public/wp-content/pi-store-webapp/node_modules/tail
windcss/dist/chunk-3IR7ZFJX.mjs:21:355
    at Vr (file:///C:/Users/Administrator/Local%20Sites/saigonhouse/app/public/wp-content/pi-store-webapp/node_modules/
tailwindcss/dist/chunk-3IR7ZFJX.mjs:3:1733)
    at _ (file:///C:/Users/Administrator/Local%20Sites/saigonhouse/app/public/wp-content/pi-store-webapp/node_modules/t
ailwindcss/dist/chunk-3IR7ZFJX.mjs:3:1377)
    at Se (file:///C:/Users/Administrator/Local%20Sites/saigonhouse/app/public/wp-content/pi-store-webapp/node_modules/
tailwindcss/dist/chunk-3IR7ZFJX.mjs:21:172)
    at Qi (file:///C:/Users/Administrator/Local%20Sites/saigonhouse/app/public/wp-content/pi-store-webapp/node_modules/
tailwindcss/dist/chunk-3IR7ZFJX.mjs:38:294)
    at async va (file:///C:/Users/Administrator/Local%20Sites/saigonhouse/app/public/wp-content/pi-store-webapp/node_mo
dules/tailwindcss/dist/chunk-3IR7ZFJX.mjs:38:631)
    at async Rf (file:///C:/Users/Administrator/Local%20Sites/saigonhouse/app/public/wp-content/pi-store-webapp/node_mo
dules/tailwindcss/dist/chunk-3IR7ZFJX.mjs:38:1406)
    at async hu (file:///C:/Users/Administrator/Local%20Sites/saigonhouse/app/public/wp-content/pi-store-webapp/node_mo
dules/@tailwindcss/node/dist/index.mjs:10:3457)
[plugin @tailwindcss/vite:generate:build] C:/Users/Administrator/Local 
Sites/saigonhouse/app/public/wp-content/pi-store-webapp/src/components/pricing/PricingHero.css
Error: Cannot apply unknown utility class `text-primary-content`
    at onInvalidCandidate (file:///C:/Users/Administrator/Local%20Sites/saigonhouse/app/public/wp-content/pi-store-weba
pp/node_modules/tailwindcss/dist/chunk-3IR7ZFJX.mjs:21:1511)
    at Ve (file:///C:/Users/Administrator/Local%20Sites/saigonhouse/app/public/wp-content/pi-store-webapp/node_modules/
tailwindcss/dist/chunk-3IR7ZFJX.mjs:16:38252)
    at file:///C:/Users/Administrator/Local%20Sites/saigonhouse/app/public/wp-content/pi-store-webapp/node_modules/tail
windcss/dist/chunk-3IR7ZFJX.mjs:21:355
    at Vr (file:///C:/Users/Administrator/Local%20Sites/saigonhouse/app/public/wp-content/pi-store-webapp/node_modules/
tailwindcss/dist/chunk-3IR7ZFJX.mjs:3:1733)
    at _ (file:///C:/Users/Administrator/Local%20Sites/saigonhouse/app/public/wp-content/pi-store-webapp/node_modules/t
ailwindcss/dist/chunk-3IR7ZFJX.mjs:3:1377)
    at Se (file:///C:/Users/Administrator/Local%20Sites/saigonhouse/app/public/wp-content/pi-store-webapp/node_modules/
tailwindcss/dist/chunk-3IR7ZFJX.mjs:21:172)
    at Qi (file:///C:/Users/Administrator/Local%20Sites/saigonhouse/app/public/wp-content/pi-store-webapp/node_modules/
tailwindcss/dist/chunk-3IR7ZFJX.mjs:38:294)
    at async va (file:///C:/Users/Administrator/Local%20Sites/saigonhouse/app/public/wp-content/pi-store-webapp/node_mo
dules/tailwindcss/dist/chunk-3IR7ZFJX.mjs:38:631)
    at async Rf (file:///C:/Users/Administrator/Local%20Sites/saigonhouse/app/public/wp-content/pi-store-webapp/node_mo
dules/tailwindcss/dist/chunk-3IR7ZFJX.mjs:38:1406)
    at async hu (file:///C:/Users/Administrator/Local%20Sites/saigonhouse/app/public/wp-content/pi-store-webapp/node_mo
dules/@tailwindcss/node/dist/index.mjs:10:3457)
[plugin @tailwindcss/vite:generate:build] C:/Users/Administrator/Local 
Sites/saigonhouse/app/public/wp-content/pi-store-webapp/src/pages/public/catalog.css
Error: Cannot apply unknown utility class `text-primary-content`
    at onInvalidCandidate (file:///C:/Users/Administrator/Local%20Sites/saigonhouse/app/public/wp-content/pi-store-weba
pp/node_modules/tailwindcss/dist/chunk-3IR7ZFJX.mjs:21:1511)
    at Ve (file:///C:/Users/Administrator/Local%20Sites/saigonhouse/app/public/wp-content/pi-store-webapp/node_modules/
tailwindcss/dist/chunk-3IR7ZFJX.mjs:16:38252)
    at file:///C:/Users/Administrator/Local%20Sites/saigonhouse/app/public/wp-content/pi-store-webapp/node_modules/tail
windcss/dist/chunk-3IR7ZFJX.mjs:21:355
    at Vr (file:///C:/Users/Administrator/Local%20Sites/saigonhouse/app/public/wp-content/pi-store-webapp/node_modules/
tailwindcss/dist/chunk-3IR7ZFJX.mjs:3:1733)
    at _ (file:///C:/Users/Administrator/Local%20Sites/saigonhouse/app/public/wp-content/pi-store-webapp/node_modules/t
ailwindcss/dist/chunk-3IR7ZFJX.mjs:3:1377)
    at Se (file:///C:/Users/Administrator/Local%20Sites/saigonhouse/app/public/wp-content/pi-store-webapp/node_modules/
tailwindcss/dist/chunk-3IR7ZFJX.mjs:21:172)
    at Qi (file:///C:/Users/Administrator/Local%20Sites/saigonhouse/app/public/wp-content/pi-store-webapp/node_modules/
tailwindcss/dist/chunk-3IR7ZFJX.mjs:38:294)
    at async va (file:///C:/Users/Administrator/Local%20Sites/saigonhouse/app/public/wp-content/pi-store-webapp/node_mo
dules/tailwindcss/dist/chunk-3IR7ZFJX.mjs:38:631)
    at async Rf (file:///C:/Users/Administrator/Local%20Sites/saigonhouse/app/public/wp-content/pi-store-webapp/node_mo
dules/tailwindcss/dist/chunk-3IR7ZFJX.mjs:38:1406)
    at async hu (file:///C:/Users/Administrator/Local%20Sites/saigonhouse/app/public/wp-content/pi-store-webapp/node_mo
dules/@tailwindcss/node/dist/index.mjs:10:3457)
[plugin @tailwindcss/vite:generate:build] C:/Users/Administrator/Local 
Sites/saigonhouse/app/public/wp-content/pi-store-webapp/src/pages/license/AdminKeysPage.css
Error: Cannot apply unknown utility class `shadow-brand/20`
    at onInvalidCandidate (file:///C:/Users/Administrator/Local%20Sites/saigonhouse/app/public/wp-content/pi-store-weba
pp/node_modules/tailwindcss/dist/chunk-3IR7ZFJX.mjs:21:1511)
    at Ve (file:///C:/Users/Administrator/Local%20Sites/saigonhouse/app/public/wp-content/pi-store-webapp/node_modules/
tailwindcss/dist/chunk-3IR7ZFJX.mjs:16:38252)
    at file:///C:/Users/Administrator/Local%20Sites/saigonhouse/app/public/wp-content/pi-store-webapp/node_modules/tail
windcss/dist/chunk-3IR7ZFJX.mjs:21:355
    at Vr (file:///C:/Users/Administrator/Local%20Sites/saigonhouse/app/public/wp-content/pi-store-webapp/node_modules/
tailwindcss/dist/chunk-3IR7ZFJX.mjs:3:1733)
    at _ (file:///C:/Users/Administrator/Local%20Sites/saigonhouse/app/public/wp-content/pi-store-webapp/node_modules/t
ailwindcss/dist/chunk-3IR7ZFJX.mjs:3:1377)
    at Se (file:///C:/Users/Administrator/Local%20Sites/saigonhouse/app/public/wp-content/pi-store-webapp/node_modules/
tailwindcss/dist/chunk-3IR7ZFJX.mjs:21:172)
    at Qi (file:///C:/Users/Administrator/Local%20Sites/saigonhouse/app/public/wp-content/pi-store-webapp/node_modules/
tailwindcss/dist/chunk-3IR7ZFJX.mjs:38:294)
    at async va (file:///C:/Users/Administrator/Local%20Sites/saigonhouse/app/public/wp-content/pi-store-webapp/node_mo
dules/tailwindcss/dist/chunk-3IR7ZFJX.mjs:38:631)
    at async Rf (file:///C:/Users/Administrator/Local%20Sites/saigonhouse/app/public/wp-content/pi-store-webapp/node_mo
dules/tailwindcss/dist/chunk-3IR7ZFJX.mjs:38:1406)
    at async hu (file:///C:/Users/Administrator/Local%20Sites/saigonhouse/app/public/wp-content/pi-store-webapp/node_mo
dules/@tailwindcss/node/dist/index.mjs:10:3457)[31m
    at aggregateBindingErrorsIntoJsError (file:///C:/Users/Administrator/Local%20Sites/saigonhouse/app/public/wp-conten
t/pi-store-webapp/node_modules/rolldown/dist/shared/error-w0u7biK-.mjs:48:18)
    at unwrapBindingResult (file:///C:/Users/Administrator/Local%20Sites/saigonhouse/app/public/wp-content/pi-store-web
app/node_modules/rolldown/dist/shared/error-w0u7biK-.mjs:18:128)
    at #build (file:///C:/Users/Administrator/Local%20Sites/saigonhouse/app/public/wp-content/pi-store-webapp/node_modu
les/rolldown/dist/shared/rolldown-build-DtGk-m96.mjs:3313:34)
    at async buildEnvironment (file:///C:/Users/Administrator/Local%20Sites/saigonhouse/app/public/wp-content/pi-store-
webapp/node_modules/vite/dist/node/chunks/node.js:32954:64)
    at async Object.build (file:///C:/Users/Administrator/Local%20Sites/saigonhouse/app/public/wp-content/pi-store-weba
pp/node_modules/vite/dist/node/chunks/node.js:33376:19)
    at async Object.buildApp (file:///C:/Users/Administrator/Local%20Sites/saigonhouse/app/public/wp-content/pi-store-w
ebapp/node_modules/vite/dist/node/chunks/node.js:33373:153)
    at async CAC.<anonymous> (file:///C:/Users/Administrator/Local%20Sites/saigonhouse/app/public/wp-content/pi-store-w
ebapp/node_modules/vite/dist/node/cli.js:778:3) {
  errors: [Getter/Setter]
}[39m
